C:\Program Files\Microsoft Visual Studio\18\Community\MSBuild\Microsoft\VC\v180\Microsoft.CppBuild.targets(551,5): warning MSB8028: The intermediate directory (GameAIpr.28b59abf\x64\Debug\) contains files shared from another project (GameAIprogrammin_001.vcxproj).  This can lead to incorrect clean and rebuild behavior.
  DecisionTree.cpp
C:\Users\cocat\Documents\GitHub\GameAIprogramming_004\GameAIprogrammin_004\StaffManager.h(33,43): warning C4267: 'return': conversion from 'size_t' to 'int', possible loss of data
  (compiling source file 'DecisionTree.cpp')
  
  StaffManager.cpp
C:\Users\cocat\Documents\GitHub\GameAIprogramming_004\GameAIprogrammin_004\StaffManager.h(33,43): warning C4267: 'return': conversion from 'size_t' to 'int', possible loss of data
  (compiling source file 'StaffManager.cpp')
  
C:\Users\cocat\Documents\GitHub\GameAIprogramming_004\GameAIprogrammin_004\StaffManager.cpp(47,13): warning C4267: 'initializing': conversion from 'size_t' to 'int', possible loss of data
C:\Users\cocat\Documents\GitHub\GameAIprogramming_004\GameAIprogrammin_004\StaffManager.cpp(61,13): warning C4267: 'initializing': conversion from 'size_t' to 'int', possible loss of data
C:\Users\cocat\Documents\GitHub\GameAIprogramming_004\GameAIprogrammin_004\StaffManager.cpp(63,7): warning C4101: 'time': unreferenced local variable
  branch.cpp
C:\Users\cocat\Documents\GitHub\GameAIprogramming_004\GameAIprogrammin_004\StaffManager.h(33,43): warning C4267: 'return': conversion from 'size_t' to 'int', possible loss of data
  (compiling source file 'branch.cpp')
  
  main.cpp
C:\Users\cocat\Documents\GitHub\GameAIprogramming_004\GameAIprogrammin_004\StaffManager.h(33,43): warning C4267: 'return': conversion from 'size_t' to 'int', possible loss of data
  (compiling source file 'main.cpp')
  
C:\Users\cocat\Documents\GitHub\GameAIprogramming_004\GameAIprogrammin_004\main.cpp(14,23): warning C4244: 'argument': conversion from 'float' to 'int', possible loss of data
C:\Users\cocat\Documents\GitHub\GameAIprogramming_004\GameAIprogrammin_004\main.cpp(14,16): warning C4244: 'argument': conversion from 'float' to 'int', possible loss of data
  map.cpp
C:\Users\cocat\Documents\GitHub\GameAIprogramming_004\GameAIprogrammin_004\StaffManager.h(33,43): warning C4267: 'return': conversion from 'size_t' to 'int', possible loss of data
  (compiling source file 'map.cpp')
  
C:\Users\cocat\Documents\GitHub\GameAIprogramming_004\GameAIprogrammin_004\map.cpp(204,8): warning C4244: 'initializing': conversion from 'float' to 'int', possible loss of data
C:\Users\cocat\Documents\GitHub\GameAIprogramming_004\GameAIprogrammin_004\map.cpp(205,8): warning C4244: 'initializing': conversion from 'float' to 'int', possible loss of data
C:\Users\cocat\Documents\GitHub\GameAIprogramming_004\GameAIprogrammin_004\map.cpp(236,14): warning C4267: 'initializing': conversion from 'size_t' to 'int', possible loss of data
C:\Users\cocat\Documents\GitHub\GameAIprogramming_004\GameAIprogrammin_004\map.cpp(244,12): warning C4267: 'return': conversion from 'size_t' to 'int', possible loss of data
C:\Users\cocat\Documents\GitHub\GameAIprogramming_004\GameAIprogrammin_004\map.cpp(260,12): warning C4267: 'return': conversion from 'size_t' to 'int', possible loss of data
  objects.cpp
C:\Users\cocat\Documents\GitHub\GameAIprogramming_004\GameAIprogrammin_004\StaffManager.h(33,43): warning C4267: 'return': conversion from 'size_t' to 'int', possible loss of data
  (compiling source file 'objects.cpp')
  
C:\Users\cocat\Documents\GitHub\GameAIprogramming_004\GameAIprogrammin_004\objects.cpp(12,34): warning C4244: 'argument': conversion from 'float' to 'int', possible loss of data
C:\Users\cocat\Documents\GitHub\GameAIprogramming_004\GameAIprogrammin_004\objects.cpp(12,22): warning C4244: 'argument': conversion from 'float' to 'int', possible loss of data
C:\Users\cocat\Documents\GitHub\GameAIprogramming_004\GameAIprogrammin_004\objects.cpp(20,34): warning C4244: 'argument': conversion from 'float' to 'int', possible loss of data
C:\Users\cocat\Documents\GitHub\GameAIprogramming_004\GameAIprogrammin_004\objects.cpp(20,22): warning C4244: 'argument': conversion from 'float' to 'int', possible loss of data
  worker.cpp
  Generating Code...
LINK : warning LNK4098: defaultlib 'MSVCRT' conflicts with use of other libs; use /NODEFAULTLIB:library
  GameAIprogrammin_001.vcxproj -> C:\Users\cocat\Documents\GitHub\GameAIprogramming_004\GameAIprogrammin_004\x64\Debug\GameAIprogrammin_004.exe
